LTspice 24.1.9 for Windows
Circuit: D:\0___LEARN\__VLSI__\00_Basic_electronics\6_OpAmp\9_opAmp_as_COMPARATOR\opAmp_as_basic_comparator.net
Start Time: Mon Nov 24 12:47:43 2025
solver = Normal
Maximum thread count: 12
tnom = 27
temp = 27
method = trap
Direct Newton iteration failed to find .op point.  (Use ".option noopiter" to skip.)
Starting Gmin stepping
Gmin = 10
Gmin = 1.07374
vernier = 0.5
vernier = 0.25
vernier = 0.125
vernier = 0.0625
Gmin = 1.08884
vernier = 0.03125
vernier = 0.015625
Gmin = 1.03922
vernier = 0.0078125
vernier = 0.0104167
vernier = 0.00520833
Gmin = 1.02512
vernier = 0.00260417
Gmin = 1.01715
vernier = 0.00347222
vernier = 0.00173611
vernier = 0.00231481
Gmin = 1.01282
vernier = 0.00115741
vernier = 0.00154321
Gmin = 1.01018
vernier = 0.000771604
vernier = 0.00102881
Gmin = 1.00856
vernier = 0.000514403
vernier = 0.00068587
Gmin = 1.0074
vernier = 0.000514403
vernier = 0.00068587
Gmin = 1.00623
vernier = 0.000514402
Gmin = 0
Gmin stepping failed

Starting source stepping with srcstepmethod=0
Source Step = 3.0303%
Source Step = 33.3333%
Source Step = 63.6364%
Source Step = 93.9394%
Source stepping succeeded in finding the operating point.

Total elapsed time: 0.457 seconds.

Files loaded:
D:\0___LEARN\__VLSI__\00_Basic_electronics\6_OpAmp\9_opAmp_as_COMPARATOR\opAmp_as_basic_comparator.net
C:\Users\jayshree\AppData\Local\LTspice\lib\sub\LTC.lib

