LTspice 24.1.9 for Windows
Circuit: D:\0___LEARN\__VLSI__\00_Basic_electronics\5_mosfet\CMOS gates\6_XOR_gate\6_XOR_gate.net
Start Time: Sat Sep 13 16:54:01 2025
solver = Normal
Maximum thread count: 12
tnom = 27
temp = 27
method = trap
WARNING: Node nc_01 is floating.
WARNING: Node nc_02 is floating.
WARNING: Node nc_03 is floating.
WARNING: Node nc_04 is floating.
WARNING: Node nc_05 is floating.
WARNING: Node nc_06 is floating.
WARNING: Node nc_07 is floating.
WARNING: Node nc_08 is floating.

Direct Newton iteration for .op point succeeded.
Total elapsed time: 0.181 seconds.

Files loaded:
D:\0___LEARN\__VLSI__\00_Basic_electronics\5_mosfet\CMOS gates\6_XOR_gate\6_XOR_gate.net
C:\Users\jayshree\AppData\Local\LTspice\lib\cmp\standard.mos

